// Jest Snapshot v1, https://goo.gl/fbAQLP

exports[`src/components/FlashMessage/__test__/FlashMessage.test.js FlashMessage should not show FlashMessage when 'message' is NOT present. 1`] = `
Object {
  "asFragment": [Function],
  "baseElement": <body>
    <div>
      <div
        class="flashMessage fade-out success"
        data-testid="flash-message"
      >
        <div
          class="flashMessageIcon glyphicon glyphicon-ok-sign"
        />
        <div
          class="flashMessageContent"
        >
          this message should make the component show, since we have a message
        </div>
        <div
          class="flashMessageCancel glyphicon glyphicon-remove-circle"
        />
      </div>
    </div>
  </body>,
  "container": <div>
    <div
      class="flashMessage fade-out success"
      data-testid="flash-message"
    >
      <div
        class="flashMessageIcon glyphicon glyphicon-ok-sign"
      />
      <div
        class="flashMessageContent"
      >
        this message should make the component show, since we have a message
      </div>
      <div
        class="flashMessageCancel glyphicon glyphicon-remove-circle"
      />
    </div>
  </div>,
  "debug": [Function],
  "findAllByAltText": [Function],
  "findAllByDisplayValue": [Function],
  "findAllByLabelText": [Function],
  "findAllByPlaceholderText": [Function],
  "findAllByRole": [Function],
  "findAllByTestId": [Function],
  "findAllByText": [Function],
  "findAllByTitle": [Function],
  "findByAltText": [Function],
  "findByDisplayValue": [Function],
  "findByLabelText": [Function],
  "findByPlaceholderText": [Function],
  "findByRole": [Function],
  "findByTestId": [Function],
  "findByText": [Function],
  "findByTitle": [Function],
  "getAllByAltText": [Function],
  "getAllByDisplayValue": [Function],
  "getAllByLabelText": [Function],
  "getAllByPlaceholderText": [Function],
  "getAllByRole": [Function],
  "getAllByTestId": [Function],
  "getAllByText": [Function],
  "getAllByTitle": [Function],
  "getByAltText": [Function],
  "getByDisplayValue": [Function],
  "getByLabelText": [Function],
  "getByPlaceholderText": [Function],
  "getByRole": [Function],
  "getByTestId": [Function],
  "getByText": [Function],
  "getByTitle": [Function],
  "queryAllByAltText": [Function],
  "queryAllByDisplayValue": [Function],
  "queryAllByLabelText": [Function],
  "queryAllByPlaceholderText": [Function],
  "queryAllByRole": [Function],
  "queryAllByTestId": [Function],
  "queryAllByText": [Function],
  "queryAllByTitle": [Function],
  "queryByAltText": [Function],
  "queryByDisplayValue": [Function],
  "queryByLabelText": [Function],
  "queryByPlaceholderText": [Function],
  "queryByRole": [Function],
  "queryByTestId": [Function],
  "queryByText": [Function],
  "queryByTitle": [Function],
  "rerender": [Function],
  "unmount": [Function],
}
`;
